// Jest Snapshot v1, https://goo.gl/fbAQLP

exports[`AboutView.vue renders About page 1`] = `
<div class="about">
  <h1>This is an about page</h1>
</div>
`;

exports[`Componente HomeView.vue Validaci√≥n de match con el snapshot 1`] = `
<div class="home"><img alt="Vue logo" src="">
  <hello-world-stub msg="Welcome to Your Vue.js App"></hello-world-stub>
</div>
`;
